// Jest Snapshot v1, https://goo.gl/fbAQLP

exports[`Dialog tests should run without crashing 1`] = `
<div>
  <dialog
    role="dialog"
  >
    <button
      aria-label="Close"
    >
      x
    </button>
  </dialog>
</div>
`;
